INFO: Running with entropic power schedule (0xFF, 100).
INFO: Seed: 3238102833
MERGE-OUTER: 22669 files, 0 in the initial corpus, 0 processed earlier
MERGE-OUTER: attempt 1
INFO: Running with entropic power schedule (0xFF, 100).
INFO: Seed: 3238245707
INFO: -max_len is not provided; libFuzzer will not generate inputs larger than 1048576 bytes
MERGE-INNER: using the control file '/tmp/libFuzzerTemp.Merge196.txt'
MERGE-INNER: 22669 total files; 0 processed earlier; will process 22669 files now
#1	pulse  exec/s: 0 rss: 41Mb
#2	pulse  exec/s: 0 rss: 42Mb
#4	pulse  exec/s: 0 rss: 43Mb
#8	pulse  exec/s: 0 rss: 43Mb
#16	pulse  exec/s: 0 rss: 44Mb
#32	pulse  exec/s: 0 rss: 44Mb
#64	pulse  exec/s: 0 rss: 44Mb
#128	pulse  exec/s: 0 rss: 44Mb
#256	pulse  exec/s: 0 rss: 44Mb
#512	pulse  exec/s: 0 rss: 44Mb
#1024	pulse  exec/s: 0 rss: 45Mb
#2048	pulse  exec/s: 0 rss: 45Mb
#4096	pulse  exec/s: 0 rss: 45Mb
#8192	pulse  exec/s: 4096 rss: 45Mb
#16384	pulse  exec/s: 2340 rss: 45Mb
#22669	DONE   exec/s: 871 rss: 98Mb
MERGE-OUTER: successful in 1 attempt(s)
MERGE-OUTER: the control file has 2693562 bytes
MERGE-OUTER: consumed 1Mb (42Mb rss) to parse the control file
MERGE-OUTER: 0 new files with 0 new features added; 0 new coverage edges
